// 重构日志: 3c9a08bb
// 重构日志: dc988884
// 重构日志: f4673e7b
// 同步 ID: 9fcece04 @ Fri Jul 17 07:53:30 UTC 2026
// 同步 ID: dfb4966b @ Fri Jul 17 13:24:44 UTC 2026
// 重构日志: 13432693
// 同步 ID: d436d7c8 @ Wed Jul 22 08:05:25 UTC 2026
// 同步 ID: d12586b5 @ Wed Jul 22 15:47:30 UTC 2026
// 重构日志: f4395808
// 重构日志: 1e9ca29e
// 同步 ID: 0edec7ae @ Thu Jul 30 05:11:21 UTC 2026
// 重构日志: d28bfbcc
// 重构日志: b30ae1d4
// 同步 ID: 0e03de03 @ Fri Jul 31 09:03:52 UTC 2026
// 重构日志: 5fc7a5c3
// 重构日志: 9a04cf11
// 重构日志: 24f48a73
// 同步 ID: 1d39f280 @ Wed Aug  5 05:26:18 UTC 2026
// 重构日志: ebd4a043
// 重构日志: f486782f
// 同步 ID: 7ee5e4df @ Wed Aug  5 14:01:03 UTC 2026
// 同步 ID: 31949ecd @ Wed Aug  5 15:53:08 UTC 2026
// 重构日志: 94443129
// 重构日志: b2351fd8
// 重构日志: afc976d7
// 重构日志: 3169df71
// 重构日志: f53a78eb
// 重构日志: 1b5674a7
// 重构日志: 127b3b57
// 同步 ID: 494ab81a @ Sat Aug  8 00:24:35 UTC 2026
// 重构日志: 19b772b2
// 重构日志: 146d9dd1
// 重构日志: 9d12b71e
// 重构日志: b95efd03
// 重构日志: 7cc9d93c
